INFO    : Building target web
INFO    : XSL conversion of E:\jcmaths\source\main.ptx by C:\Users\ronan\.ptx\2.36.0\core\xsl\utilities\pretext-enhanced-source.xsl
INFO    : successful application of C:\Users\ronan\.ptx\2.36.0\core\xsl\utilities\pretext-enhanced-source.xsl
INFO    : Generating any needed assets.
INFO    : Finished generating assets.

INFO    : Preparing to build into E:\jcmaths\output\web.
INFO    : discovering source file's directory name: E:\jcmaths\source
INFO    : verifying and expanding input directory: E:\jcmaths\source\../generated-assets
INFO    : input directory expanded to absolute path: E:\jcmaths\generated-assets
INFO    : verifying and expanding input directory: E:\jcmaths\source\../assets
INFO    : input directory expanded to absolute path: E:\jcmaths\assets
INFO    : XSL conversion of E:\jcmaths\source\main.ptx by C:\Users\ronan\.ptx\2.36.0\core\xsl\utilities\report-publisher-variables.xsl
INFO    : successful application of C:\Users\ronan\.ptx\2.36.0\core\xsl\utilities\report-publisher-variables.xsl
INFO    : Downloading rs services file from https://runestone.academy/cdn/runestone/latest/webpack_static_imports.xml.
INFO    : Runestone Services via online CDN query: version 7.13.5
INFO    : Downloading Runestone Services, version 7.13.5
INFO    : Extracting Runestone Services from archive file
INFO    : Building custom css theme: theme-default-modern
INFO    : converting E:\jcmaths\source\main.ptx to HTML in C:\Users\ronan\AppData\Local\Temp\ptx-gophh4jq
INFO    : XSL conversion of E:\jcmaths\source\main.ptx by C:\Users\ronan\.ptx\2.36.0\core\xsl\pretext-html.xsl
INFO    : messages from the log for XSL processing:
INFO    : * PTX:INFO:   checking all deprecated elements.
INFO    : successful application of C:\Users\ronan\.ptx\2.36.0\core\xsl\pretext-html.xsl
INFO    : Removing temporary directory C:\Users\ronan\AppData\Local\Temp\ptx-gophh4jq
INFO    : Removing temporary directory C:\Users\ronan\AppData\Local\Temp\ptx-fn8n7t8p
INFO    : 
Finished build for target web. Run `pretext view web` to see the results.

INFO    : 
Success!  Built requested target(s) without errors.

INFO    : 
